src/components/ui/alert.tsx(2,40): error TS2307: Cannot find module 'class-variance-authority@0.7.1' or its corresponding type declarations.
src/components/ui/badge.tsx(3,40): error TS2307: Cannot find module 'class-variance-authority@0.7.1' or its corresponding type declarations.
src/components/ui/breadcrumb.tsx(3,46): error TS2307: Cannot find module 'lucide-react@0.487.0' or its corresponding type declarations.
src/components/ui/button.tsx(3,40): error TS2307: Cannot find module 'class-variance-authority@0.7.1' or its corresponding type declarations.
src/components/ui/calendar.tsx(4,43): error TS2307: Cannot find module 'lucide-react@0.487.0' or its corresponding type declarations.
src/components/ui/calendar.tsx(5,27): error TS2307: Cannot find module 'react-day-picker@8.10.1' or its corresponding type declarations.
src/components/ui/calendar.tsx(63,22): error TS7031: Binding element 'className' implicitly has an 'any' type.
src/components/ui/calendar.tsx(66,23): error TS7031: Binding element 'className' implicitly has an 'any' type.
src/components/ui/carousel.tsx(6,8): error TS2307: Cannot find module 'embla-carousel-react@8.6.0' or its corresponding type declarations.
src/components/ui/carousel.tsx(7,39): error TS2307: Cannot find module 'lucide-react@0.487.0' or its corresponding type declarations.
src/components/ui/chart.tsx(4,36): error TS2307: Cannot find module 'recharts@2.15.2' or its corresponding type declarations.
src/components/ui/chart.tsx(182,23): error TS7006: Parameter 'item' implicitly has an 'any' type.
src/components/ui/chart.tsx(182,29): error TS7006: Parameter 'index' implicitly has an 'any' type.
src/components/ui/chart.tsx(278,21): error TS7006: Parameter 'item' implicitly has an 'any' type.
src/components/ui/command.tsx(4,45): error TS2307: Cannot find module 'cmdk@1.1.1' or its corresponding type declarations.
src/components/ui/command.tsx(5,28): error TS2307: Cannot find module 'lucide-react@0.487.0' or its corresponding type declarations.
src/components/ui/context-menu.tsx(5,57): error TS2307: Cannot find module 'lucide-react@0.487.0' or its corresponding type declarations.
src/components/ui/drawer.tsx(4,43): error TS2307: Cannot find module 'vaul@1.1.2' or its corresponding type declarations.
src/components/ui/form.tsx(14,8): error TS2307: Cannot find module 'react-hook-form@7.55.0' or its corresponding type declarations.
src/components/ui/input-otp.tsx(4,43): error TS2307: Cannot find module 'input-otp@1.4.2' or its corresponding type declarations.
src/components/ui/input-otp.tsx(5,27): error TS2307: Cannot find module 'lucide-react@0.487.0' or its corresponding type declarations.
src/components/ui/input-otp.tsx(47,61): error TS2339: Property 'slots' does not exist on type '{}'.
src/components/ui/menubar.tsx(5,57): error TS2307: Cannot find module 'lucide-react@0.487.0' or its corresponding type declarations.
src/components/ui/navigation-menu.tsx(3,21): error TS2307: Cannot find module 'class-variance-authority@0.7.1' or its corresponding type declarations.
src/components/ui/navigation-menu.tsx(4,33): error TS2307: Cannot find module 'lucide-react@0.487.0' or its corresponding type declarations.
src/components/ui/pagination.tsx(6,8): error TS2307: Cannot find module 'lucide-react@0.487.0' or its corresponding type declarations.
src/components/ui/pagination.tsx(75,7): error TS2783: 'size' is specified more than once, so this usage will be overwritten.
src/components/ui/pagination.tsx(92,7): error TS2783: 'size' is specified more than once, so this usage will be overwritten.
src/components/ui/resizable.tsx(4,34): error TS2307: Cannot find module 'lucide-react@0.487.0' or its corresponding type declarations.
src/components/ui/resizable.tsx(5,37): error TS2307: Cannot find module 'react-resizable-panels@2.1.7' or its corresponding type declarations.
src/components/ui/sheet.tsx(5,23): error TS2307: Cannot find module 'lucide-react@0.487.0' or its corresponding type declarations.
src/components/ui/sidebar.tsx(5,35): error TS2307: Cannot find module 'class-variance-authority@0.7.1' or its corresponding type declarations.
src/components/ui/sidebar.tsx(6,31): error TS2307: Cannot find module 'lucide-react@0.487.0' or its corresponding type declarations.
src/components/ui/sidebar.tsx(270,17): error TS7006: Parameter 'event' implicitly has an 'any' type.
src/components/ui/sonner.tsx(3,26): error TS2307: Cannot find module 'next-themes@0.4.6' or its corresponding type declarations.
src/components/ui/sonner.tsx(4,49): error TS2307: Cannot find module 'sonner@2.0.3' or its corresponding type declarations.
src/components/ui/toggle-group.tsx(5,35): error TS2307: Cannot find module 'class-variance-authority@0.7.1' or its corresponding type declarations.
src/components/ui/toggle.tsx(5,40): error TS2307: Cannot find module 'class-variance-authority@0.7.1' or its corresponding type declarations.
src/screens/AddFamilyMemberScreen.tsx(18,23): error TS2345: Argument of type '{ name: string; gender: string; age: string; }' is not assignable to parameter of type 'Partial<FamilyMember>'.
  Types of property 'gender' are incompatible.
    Type 'string' is not assignable to type '"male" | "female" | "other" | undefined'.
src/screens/AnalysisPreferencesScreen.tsx(38,53): error TS2322: Type '{ title: string; showBack: true; onBackClick: () => void | Promise<void>; }' is not assignable to type 'IntrinsicAttributes & HeaderProps'.
  Property 'onBackClick' does not exist on type 'IntrinsicAttributes & HeaderProps'.
src/screens/AnalysisPreferencesScreen.tsx(225,25): error TS2322: Type '"patient" | "doctor" | null' is not assignable to type '"patient" | "doctor" | undefined'.
  Type 'null' is not assignable to type '"patient" | "doctor" | undefined'.
src/screens/CaseNotesScreen.tsx(79,43): error TS2322: Type '{ title: string; showBack: true; onBackClick: () => void | Promise<void>; }' is not assignable to type 'IntrinsicAttributes & HeaderProps'.
  Property 'onBackClick' does not exist on type 'IntrinsicAttributes & HeaderProps'.
src/screens/CaseNotesScreen.tsx(176,25): error TS2322: Type '"patient" | "doctor" | null' is not assignable to type '"patient" | "doctor" | undefined'.
  Type 'null' is not assignable to type '"patient" | "doctor" | undefined'.
src/screens/ComplianceScreen.tsx(125,55): error TS2322: Type '{ title: string; showBack: true; onBackClick: () => void | Promise<void>; }' is not assignable to type 'IntrinsicAttributes & HeaderProps'.
  Property 'onBackClick' does not exist on type 'IntrinsicAttributes & HeaderProps'.
src/screens/ComplianceScreen.tsx(266,25): error TS2322: Type '"patient" | "doctor" | null' is not assignable to type '"patient" | "doctor" | undefined'.
  Type 'null' is not assignable to type '"patient" | "doctor" | undefined'.
src/screens/ConsultationScheduleScreen.tsx(95,54): error TS2322: Type '{ title: string; showBack: true; onBackClick: () => void | Promise<void>; }' is not assignable to type 'IntrinsicAttributes & HeaderProps'.
  Property 'onBackClick' does not exist on type 'IntrinsicAttributes & HeaderProps'.
src/screens/ConsultationScheduleScreen.tsx(184,25): error TS2322: Type '"patient" | "doctor" | null' is not assignable to type '"patient" | "doctor" | undefined'.
  Type 'null' is not assignable to type '"patient" | "doctor" | undefined'.
src/screens/ContinuingEducationScreen.tsx(83,53): error TS2322: Type '{ title: string; showBack: true; onBackClick: () => void | Promise<void>; }' is not assignable to type 'IntrinsicAttributes & HeaderProps'.
  Property 'onBackClick' does not exist on type 'IntrinsicAttributes & HeaderProps'.
src/screens/ContinuingEducationScreen.tsx(246,25): error TS2322: Type '"patient" | "doctor" | null' is not assignable to type '"patient" | "doctor" | undefined'.
  Type 'null' is not assignable to type '"patient" | "doctor" | undefined'.
src/screens/EducationalContentScreen.tsx(50,52): error TS2322: Type '{ title: string; showBack: true; onBackClick: () => void | Promise<void>; }' is not assignable to type 'IntrinsicAttributes & HeaderProps'.
  Property 'onBackClick' does not exist on type 'IntrinsicAttributes & HeaderProps'.
src/screens/EducationalContentScreen.tsx(55,25): error TS2322: Type '"patient" | "doctor" | null' is not assignable to type '"patient" | "doctor" | undefined'.
  Type 'null' is not assignable to type '"patient" | "doctor" | undefined'.
src/screens/GenerateReportScreen.tsx(25,19): error TS7053: Element implicitly has an 'any' type because expression of type 'string' can't be used to index type '{ patientInfo: boolean; familyHistory: boolean; pedigreeChart: boolean; inheritanceAnalysis: boolean; confidenceScores: boolean; doctorNotes: boolean; recommendations: boolean; }'.
  No index signature with a parameter of type 'string' was found on type '{ patientInfo: boolean; familyHistory: boolean; pedigreeChart: boolean; inheritanceAnalysis: boolean; confidenceScores: boolean; doctorNotes: boolean; recommendations: boolean; }'.
src/screens/MedicalCredentialsScreen.tsx(68,52): error TS2322: Type '{ title: string; showBack: true; onBackClick: () => void | Promise<void>; }' is not assignable to type 'IntrinsicAttributes & HeaderProps'.
  Property 'onBackClick' does not exist on type 'IntrinsicAttributes & HeaderProps'.
src/screens/MedicalCredentialsScreen.tsx(150,25): error TS2322: Type '"patient" | "doctor" | null' is not assignable to type '"patient" | "doctor" | undefined'.
  Type 'null' is not assignable to type '"patient" | "doctor" | undefined'.
src/screens/PatientInheritanceReportScreen.tsx(167,55): error TS2322: Type '"patient" | "doctor" | null' is not assignable to type '"patient" | "doctor" | undefined'.
  Type 'null' is not assignable to type '"patient" | "doctor" | undefined'.
src/screens/ProfessionalNetworkScreen.tsx(71,53): error TS2322: Type '{ title: string; showBack: true; onBackClick: () => void | Promise<void>; }' is not assignable to type 'IntrinsicAttributes & HeaderProps'.
  Property 'onBackClick' does not exist on type 'IntrinsicAttributes & HeaderProps'.
src/screens/ProfessionalNetworkScreen.tsx(222,25): error TS2322: Type '"patient" | "doctor" | null' is not assignable to type '"patient" | "doctor" | undefined'.
  Type 'null' is not assignable to type '"patient" | "doctor" | undefined'.
src/screens/SpecializationScreen.tsx(50,59): error TS2322: Type '{ title: string; showBack: true; onBackClick: () => void | Promise<void>; }' is not assignable to type 'IntrinsicAttributes & HeaderProps'.
  Property 'onBackClick' does not exist on type 'IntrinsicAttributes & HeaderProps'.
src/screens/SpecializationScreen.tsx(115,25): error TS2322: Type '"patient" | "doctor" | null' is not assignable to type '"patient" | "doctor" | undefined'.
  Type 'null' is not assignable to type '"patient" | "doctor" | undefined'.
